// Jest Snapshot v1, https://goo.gl/fbAQLP

exports[`app page matches previous snapshot 1`] = `
<div
  className="App"
>
  <header
    className="App-header"
  >
    <img
      alt="logo"
      className="App-logo"
      src="/img/logo.svg"
    />
    <p>
      Ready to go!
       
      <span
        aria-label="cheers!"
        role="img"
      >
        🍻️
      </span>
    </p>
    <p>
      Edit 
      <code>
        src/App.tsx
      </code>
       and save to reload!
    </p>
    <a
      className="App-link"
      href="https://reactjs.org"
      rel="noopener noreferrer"
      target="_blank"
    >
      Learn React
    </a>
    <button
      onClick={[Function]}
      type="button"
    >
      启动/重启
    </button>
    <button
      onClick={[Function]}
      type="button"
    >
      停止
    </button>
  </header>
</div>
`;
